C:\Users\kazhou\AppData\Local\npm-cache\_npx\1bf7c3c15bf47d04\node_modules\ts-node\src\index.ts:859
    return new TSError(diagnosticText, diagnosticCodes, diagnostics);
           ^
TSError: Γ¿» Unable to compile TypeScript:
src/index.ts(6,37): error TS2305: Module '"./analyzer"' has no exported member 'categorizeProject'.

    at createTSError (C:\Users\kazhou\AppData\Local\npm-cache\_npx\1bf7c3c15bf47d04\node_modules\ts-node\src\index.ts:859:12)
    at reportTSError (C:\Users\kazhou\AppData\Local\npm-cache\_npx\1bf7c3c15bf47d04\node_modules\ts-node\src\index.ts:863:19)
    at getOutput (C:\Users\kazhou\AppData\Local\npm-cache\_npx\1bf7c3c15bf47d04\node_modules\ts-node\src\index.ts:1077:36)
    at Object.compile (C:\Users\kazhou\AppData\Local\npm-cache\_npx\1bf7c3c15bf47d04\node_modules\ts-node\src\index.ts:1433:41)
    at Module.m._compile (C:\Users\kazhou\AppData\Local\npm-cache\_npx\1bf7c3c15bf47d04\node_modules\ts-node\src\index.ts:1617:30)
    at node:internal/modules/cjs/loader:1943:10
    at Object.require.extensions.<computed> [as .ts] (C:\Users\kazhou\AppData\Local\npm-cache\_npx\1bf7c3c15bf47d04\node_modules\ts-node\src\index.ts:1621:12)
    at Module.load (node:internal/modules/cjs/loader:1533:32)
    at Module._load (node:internal/modules/cjs/loader:1335:12)
    at wrapModuleLoad (node:internal/modules/cjs/loader:255:19) {
  diagnosticCodes: [ 2305 ]
}
